\BOOKMARK [1][-]{section*.1}{\376\377\000A\000b\000k\000\374\000r\000z\000u\000n\000g\000s\000v\000e\000r\000z\000e\000i\000c\000h\000n\000i\000s}{}% 1
\BOOKMARK [1][-]{section*.2}{\376\377\000A\000b\000b\000i\000l\000d\000u\000n\000g\000s\000v\000e\000r\000z\000e\000i\000c\000h\000n\000i\000s}{}% 2
\BOOKMARK [1][-]{section.1}{\376\377\0001\000\040\000E\000x\000e\000c\000u\000t\000i\000v\000e\000\040\000S\000u\000m\000m\000a\000r\000y}{}% 3
\BOOKMARK [1][-]{section.2}{\376\377\0002\000\040\000P\000r\000o\000d\000u\000k\000t\000\040\000\046\000\040\000D\000i\000e\000n\000s\000t\000l\000e\000i\000s\000t\000u\000n\000g}{}% 4
\BOOKMARK [2][-]{subsection.2.1}{\376\377\0002\000.\0001\000\040\000P\000r\000o\000b\000l\000e\000m\000\040\000\046\000\040\000N\000u\000t\000z\000e\000n\000v\000e\000r\000s\000p\000r\000e\000c\000h\000e\000n}{section.2}% 5
\BOOKMARK [2][-]{subsection.2.2}{\376\377\0002\000.\0002\000\040\000P\000r\000o\000d\000u\000k\000t\000\374\000b\000e\000r\000s\000i\000c\000h\000t\000:\000\040\000H\000a\000r\000d\000w\000a\000r\000e\000\040\000+\000\040\000C\000l\000o\000u\000d\000-\000S\000o\000f\000t\000w\000a\000r\000e}{section.2}% 6
\BOOKMARK [2][-]{subsection.2.3}{\376\377\0002\000.\0003\000\040\000K\000I\000-\000A\000n\000s\000a\000t\000z\000\040\000\046\000\040\000E\000r\000k\000l\000\344\000r\000b\000a\000r\000k\000e\000i\000t}{section.2}% 7
\BOOKMARK [1][-]{section.3}{\376\377\0003\000\040\000M\000a\000r\000k\000t\000\040\000u\000n\000d\000\040\000W\000e\000t\000t\000b\000e\000w\000e\000r\000b}{}% 8
\BOOKMARK [2][-]{subsection.3.1}{\376\377\0003\000.\0001\000\040\000W\000e\000t\000t\000b\000e\000w\000e\000r\000b\000s\000u\000m\000f\000e\000l\000d\000\040\000u\000n\000d\000\040\000p\000o\000t\000e\000n\000t\000i\000e\000l\000l\000e\000\040\000K\000o\000n\000k\000u\000r\000r\000e\000n\000t\000e\000n}{section.3}% 9
\BOOKMARK [1][-]{section.4}{\376\377\0004\000\040\000M\000a\000r\000k\000e\000t\000i\000n\000g\000\040\000u\000n\000d\000\040\000V\000e\000r\000t\000r\000i\000e\000b}{}% 10
\BOOKMARK [2][-]{subsection.4.1}{\376\377\0004\000.\0001\000\040\000A\000u\000s\000g\000a\000n\000g\000s\000l\000a\000g\000e\000\040\000u\000n\000d\000\040\000P\000o\000s\000i\000t\000i\000o\000n\000i\000e\000r\000u\000n\000g}{section.4}% 11
\BOOKMARK [2][-]{subsection.4.2}{\376\377\0004\000.\0002\000\040\000B\000u\000s\000i\000n\000e\000s\000s\000\040\000M\000o\000d\000e\000l\000\040\000C\000a\000n\000v\000a\000s}{section.4}% 12
\BOOKMARK [2][-]{subsection.4.3}{\376\377\0004\000.\0003\000\040\000D\000a\000s\000\040\000M\000a\000g\000i\000s\000c\000h\000e\000\040\000D\000r\000e\000i\000e\000c\000k\000\040\000d\000e\000s\000\040\000G\000e\000s\000c\000h\000\344\000f\000t\000s\000m\000o\000d\000e\000l\000l\000s}{section.4}% 13
\BOOKMARK [2][-]{subsection.4.4}{\376\377\0004\000.\0004\000\040\000M\000a\000r\000k\000e\000t\000i\000n\000g\000-\000M\000i\000x\000\040\000\050\0004\000P\000\051\000\040\000f\000\374\000r\000\040\000K\000A\000R\000L}{section.4}% 14
\BOOKMARK [1][-]{section.5}{\376\377\0005\000\040\000G\000e\000s\000c\000h\000\344\000f\000t\000s\000m\000o\000d\000e\000l\000l\000\040\000u\000n\000d\000\040\000O\000r\000g\000a\000n\000i\000s\000a\000t\000i\000o\000n}{}% 15
\BOOKMARK [1][-]{section.6}{\376\377\0006\000\040\000T\000e\000a\000m}{}% 16
\BOOKMARK [1][-]{section.7}{\376\377\0007\000\040\000R\000e\000a\000l\000i\000s\000i\000e\000r\000u\000n\000g\000s\000p\000l\000a\000n}{}% 17
\BOOKMARK [1][-]{section.8}{\376\377\0008\000\040\000C\000h\000a\000n\000c\000e\000n\000\040\000u\000n\000d\000\040\000R\000i\000s\000i\000k\000e\000n}{}% 18
\BOOKMARK [2][-]{subsection.8.1}{\376\377\0008\000.\0001\000\040\000P\000r\000o\000d\000u\000k\000t}{section.8}% 19
\BOOKMARK [2][-]{subsection.8.2}{\376\377\0008\000.\0002\000\040\000M\000a\000r\000k\000t}{section.8}% 20
\BOOKMARK [2][-]{subsection.8.3}{\376\377\0008\000.\0003\000\040\000R\000e\000c\000h\000t\000l\000i\000c\000h\000e\000\040\000A\000s\000p\000e\000k\000t\000e}{section.8}% 21
\BOOKMARK [2][-]{subsection.8.4}{\376\377\0008\000.\0004\000\040\000W\000e\000t\000t\000b\000e\000w\000e\000r\000b\000e\000r}{section.8}% 22
\BOOKMARK [2][-]{subsection.8.5}{\376\377\0008\000.\0005\000\040\000M\000a\000r\000k\000e\000t\000i\000n\000g\000\040\000\046\000\040\000V\000e\000r\000t\000r\000i\000e\000b}{section.8}% 23
\BOOKMARK [2][-]{subsection.8.6}{\376\377\0008\000.\0006\000\040\000F\000i\000n\000a\000n\000z\000i\000e\000r\000u\000n\000g}{section.8}% 24
\BOOKMARK [2][-]{subsection.8.7}{\376\377\0008\000.\0007\000\040\000S\000t\000r\000a\000t\000e\000g\000i\000s\000c\000h\000e\000\040\000A\000u\000s\000r\000i\000c\000h\000t\000u\000n\000g}{section.8}% 25
\BOOKMARK [1][-]{section.9}{\376\377\0009\000\040\000F\000i\000n\000a\000n\000z\000p\000l\000a\000n}{}% 26
\BOOKMARK [2][-]{subsection.9.1}{\376\377\0009\000.\0001\000\040\000H\000i\000n\000t\000e\000r\000g\000r\000\374\000n\000d\000e\000\040\000u\000n\000d\000\040\000A\000n\000n\000a\000h\000m\000e\000n}{section.9}% 27
\BOOKMARK [3][-]{subsubsection.9.1.1}{\376\377\0009\000.\0001\000.\0001\000\040\000E\000r\000t\000r\000a\000g\000s\000m\000o\000d\000e\000l\000l}{subsection.9.1}% 28
\BOOKMARK [3][-]{subsubsection.9.1.2}{\376\377\0009\000.\0001\000.\0002\000\040\000A\000n\000n\000a\000h\000m\000e\000n}{subsection.9.1}% 29
\BOOKMARK [2][-]{subsection.9.2}{\376\377\0009\000.\0002\000\040\000G\000e\000w\000i\000n\000n\000\040\000u\000n\000d\000\040\000V\000e\000r\000l\000u\000s\000t\000r\000e\000c\000h\000n\000u\000n\000g}{section.9}% 30
\BOOKMARK [2][-]{subsection.9.3}{\376\377\0009\000.\0003\000\040\000P\000e\000r\000s\000o\000n\000a\000l\000k\000o\000s\000t\000e\000n}{section.9}% 31
\BOOKMARK [2][-]{subsection.9.4}{\376\377\0009\000.\0004\000\040\000C\000a\000s\000h\000f\000l\000o\000w\000\040\000P\000l\000a\000n\000u\000n\000g\000e\000n}{section.9}% 32
\BOOKMARK [2][-]{subsection.9.5}{\376\377\0009\000.\0005\000\040\000P\000r\000o\000f\000i\000t\000a\000b\000i\000l\000i\000t\000\344\000t}{section.9}% 33
\BOOKMARK [2][-]{subsection.9.6}{\376\377\0009\000.\0006\000\040\000K\000a\000p\000i\000t\000a\000l\000v\000e\000r\000l\000a\000u\000f}{section.9}% 34
\BOOKMARK [1][-]{section.10}{\376\377\0001\0000\000\040\000A\000n\000h\000a\000n\000g}{}% 35
\BOOKMARK [1][-]{section*.55}{\376\377\000L\000i\000t\000e\000r\000a\000t\000u\000r}{}% 36
\BOOKMARK [1][-]{section*.55}{\376\377\000S\000e\000l\000b\000s\000t\000\344\000n\000d\000i\000g\000k\000e\000i\000t\000s\000e\000r\000k\000l\000\344\000r\000u\000n\000g\000\040\000M\000a\000x\000\040\000M\000\374\000l\000l\000e\000r}{}% 37
\BOOKMARK [1][-]{section*.55}{\376\377\000S\000e\000l\000b\000s\000t\000\344\000n\000d\000i\000g\000k\000e\000i\000t\000s\000e\000r\000k\000l\000\344\000r\000u\000n\000g\000\040\000J\000e\000r\000e\000m\000y\000\040\000B\000a\000r\000e\000n\000k\000a\000m\000p}{}% 38
\BOOKMARK [1][-]{section*.55}{\376\377\000S\000e\000l\000b\000s\000t\000\344\000n\000d\000i\000g\000k\000e\000i\000t\000s\000e\000r\000k\000l\000\344\000r\000u\000n\000g\000\040\000A\000n\000t\000o\000n\000\040\000G\000e\000i\000g\000e\000r}{}% 39
\BOOKMARK [1][-]{section*.55}{\376\377\000K\000I\000-\000V\000e\000r\000z\000e\000i\000c\000h\000n\000i\000s}{}% 40
